// Jest Snapshot v1, https://goo.gl/fbAQLP

exports[`<Item/> renders and matches the snapshot 1`] = `
<ItemStyles__Item>
  <img
    src="demo.png"
  />
  <Title>
    <Link
      href={
        Object {
          "pathname": "/item",
          "query": Object {
            "id": "demo123",
          },
        }
      }
    >
      <a />
    </Link>
  </Title>
  <PriceTag>
    $30
  </PriceTag>
  <p>
    First item
  </p>
  <div
    className="buttonList"
  >
    <Link
      href={
        Object {
          "pathname": "update",
          "query": Object {
            "id": "demo123",
          },
        }
      }
    >
      <a>
        Edit Item
      </a>
    </Link>
    <AddToCart
      id="demo123"
    />
    <DeleteItem
      id="demo123"
    >
      Delete Item
    </DeleteItem>
  </div>
</ItemStyles__Item>
`;
