// Jest Snapshot v1, https://goo.gl/fbAQLP

exports[`<Pagination/> renders pagination for 13 items 1`] = `
Array [
  <PaginationStyles
    data-test="pagination"
  >
    <div
      className="PaginationStyles-sc-7n6p6m-0 hOgZr"
      data-test="pagination"
    >
      <SideEffect(Head)>
        <Head />
      </SideEffect(Head)>
      <Link
        href={
          Object {
            "pathname": "items",
            "query": Object {
              "page": 0,
            },
          }
        }
        prefetch={true}
      >
        <a
          aria-disabled={true}
          className="prev"
          href="items?page=0"
          onClick={[Function]}
        >
          Prev
        </a>
      </Link>
      <p>
        Page 
        1
         of 
        <span
          className="totalPages"
        >
          4
        </span>
      </p>
      <p>
        13
         items total
      </p>
      <Link
        href={
          Object {
            "pathname": "items",
            "query": Object {
              "page": 2,
            },
          }
        }
        prefetch={true}
      >
        <a
          aria-disabled={false}
          className="next"
          href="items?page=2"
          onClick={[Function]}
        >
          Next
        </a>
      </Link>
    </div>
  </PaginationStyles>,
  <div
    className="PaginationStyles-sc-7n6p6m-0 hOgZr"
    data-test="pagination"
  >
    <SideEffect(Head)>
      <Head />
    </SideEffect(Head)>
    <Link
      href={
        Object {
          "pathname": "items",
          "query": Object {
            "page": 0,
          },
        }
      }
      prefetch={true}
    >
      <a
        aria-disabled={true}
        className="prev"
        href="items?page=0"
        onClick={[Function]}
      >
        Prev
      </a>
    </Link>
    <p>
      Page 
      1
       of 
      <span
        className="totalPages"
      >
        4
      </span>
    </p>
    <p>
      13
       items total
    </p>
    <Link
      href={
        Object {
          "pathname": "items",
          "query": Object {
            "page": 2,
          },
        }
      }
      prefetch={true}
    >
      <a
        aria-disabled={false}
        className="next"
        href="items?page=2"
        onClick={[Function]}
      >
        Next
      </a>
    </Link>
  </div>,
]
`;
